---
source: compiler/src/tokenizer.rs
expression: "{ . } ( , ) : [ :: ] := = => ->"
---
Tokenized(
    [
        LeftBrace {
            start: 0,
            end: 1,
        },
        Dot {
            start: 2,
            end: 3,
        },
        RightBrace {
            start: 4,
            end: 5,
        },
        LeftParen {
            start: 6,
            end: 7,
        },
        Comma {
            start: 8,
            end: 9,
        },
        RightParen {
            start: 10,
            end: 11,
        },
        Colon {
            start: 12,
            end: 13,
        },
        LeftBracket {
            start: 14,
            end: 15,
        },
        DoubleColon {
            start: 16,
            end: 18,
        },
        RightBracket {
            start: 19,
            end: 20,
        },
        ColonEquals {
            start: 21,
            end: 23,
        },
        Equals {
            start: 24,
            end: 25,
        },
        DoubleArrow {
            start: 26,
            end: 28,
        },
        Arrow {
            start: 29,
            end: 31,
        },
    ],
    {},
)
