---
source: pluma_parser/tests/parse_success.rs
expression: enum Bool | True | False
---

=== Source ===
enum Bool | True | False

=== Comments ===
{}

=== AST ===
ModuleNode {
    pos: (
        0,
        24,
    ),
    body: [
        TopLevelStatementNode {
            pos: (
                0,
                24,
            ),
            kind: TypeDef(
                TypeDefNode {
                    pos: (
                        0,
                        24,
                    ),
                    kind: Enum {
                        variants: [
                            EnumVariantNode {
                                pos: (
                                    12,
                                    16,
                                ),
                                kind: Identifier(
                                    IdentifierNode {
                                        pos: (
                                            12,
                                            16,
                                        ),
                                        name: "True",
                                    },
                                ),
                            },
                            EnumVariantNode {
                                pos: (
                                    19,
                                    24,
                                ),
                                kind: Identifier(
                                    IdentifierNode {
                                        pos: (
                                            19,
                                            24,
                                        ),
                                        name: "False",
                                    },
                                ),
                            },
                        ],
                    },
                    name: TypeIdentifierNode {
                        pos: (
                            5,
                            9,
                        ),
                        name: "Bool",
                        generics: [],
                    },
                    generic_type_constraints: [],
                },
            ),
        },
    ],
}

