---
source: compiler/tests/parse_success.rs
expression: "\"üåù\""
---

=== Source ===
"üåù"

=== Tokens ===
[
    StringLiteral(
        1,
        5,
    ),
]

=== Comments ===
{}

=== AST ===
ModuleNode {
    pos: (
        1,
        5,
    ),
    body: [
        TopLevelStatementNode {
            pos: (
                1,
                5,
            ),
            kind: Expr(
                ExprNode {
                    pos: (
                        1,
                        5,
                    ),
                    kind: Literal(
                        LiteralNode {
                            pos: (
                                1,
                                5,
                            ),
                            kind: Str(
                                "üåù",
                            ),
                        },
                    ),
                    typ: Unknown,
                },
            ),
        },
    ],
}

