---
source: pluma_parser/tests/parse_success.rs
expression: "def isPublic() {}\n\nprivate\n\ndef isPrivate() {}"
---

=== Source ===
def isPublic() {}

private

def isPrivate() {}

=== Comments ===
{}

=== AST ===
ModuleNode {
    pos: (
        0,
        46,
    ),
    body: [
        TopLevelStatementNode {
            pos: (
                0,
                17,
            ),
            kind: Def(
                DefNode {
                    pos: (
                        0,
                        17,
                    ),
                    kind: Function {
                        signature: [
                            (
                                IdentifierNode {
                                    pos: (
                                        4,
                                        12,
                                    ),
                                    name: "isPublic",
                                },
                                TypeExprNode {
                                    pos: (
                                        12,
                                        14,
                                    ),
                                    kind: EmptyTuple,
                                    typ: Unknown,
                                },
                            ),
                        ],
                    },
                    return_type: None,
                    generic_type_constraints: [],
                    params: [],
                    body: [],
                },
            ),
        },
        TopLevelStatementNode {
            pos: (
                19,
                26,
            ),
            kind: PrivateMarker,
        },
        TopLevelStatementNode {
            pos: (
                28,
                46,
            ),
            kind: Def(
                DefNode {
                    pos: (
                        28,
                        46,
                    ),
                    kind: Function {
                        signature: [
                            (
                                IdentifierNode {
                                    pos: (
                                        32,
                                        41,
                                    ),
                                    name: "isPrivate",
                                },
                                TypeExprNode {
                                    pos: (
                                        41,
                                        43,
                                    ),
                                    kind: EmptyTuple,
                                    typ: Unknown,
                                },
                            ),
                        ],
                    },
                    return_type: None,
                    generic_type_constraints: [],
                    params: [],
                    body: [],
                },
            ),
        },
    ],
}

