---
source: pluma_parser/tests/parse_success.rs
expression: ""
---

=== Source ===


=== Comments ===
{}

=== AST ===
ModuleNode {
    pos: (
        0,
        0,
    ),
    body: [],
}

