---
source: pluma_parser/tests/parse_success.rs
expression: "\"hello\" .. replace \"x\" with \"y\""
---

=== Source ===
"hello" .. replace "x" with "y"

=== Comments ===
{}

=== AST ===
ModuleNode {
    pos: (
        1,
        30,
    ),
    body: [
        TopLevelStatementNode {
            pos: (
                1,
                30,
            ),
            kind: Expr(
                ExprNode {
                    pos: (
                        1,
                        30,
                    ),
                    kind: Call(
                        CallNode {
                            pos: (
                                1,
                                30,
                            ),
                            callee: ExprNode {
                                pos: (
                                    1,
                                    6,
                                ),
                                kind: MethodAccess {
                                    receiver: ExprNode {
                                        pos: (
                                            1,
                                            6,
                                        ),
                                        kind: Literal(
                                            LiteralNode {
                                                pos: (
                                                    1,
                                                    6,
                                                ),
                                                kind: Str(
                                                    "hello",
                                                ),
                                            },
                                        ),
                                        typ: Unknown,
                                    },
                                    method_parts: [
                                        IdentifierNode {
                                            pos: (
                                                11,
                                                18,
                                            ),
                                            name: "replace",
                                        },
                                        IdentifierNode {
                                            pos: (
                                                23,
                                                27,
                                            ),
                                            name: "with",
                                        },
                                    ],
                                },
                                typ: Unknown,
                            },
                            args: [
                                ExprNode {
                                    pos: (
                                        20,
                                        21,
                                    ),
                                    kind: Literal(
                                        LiteralNode {
                                            pos: (
                                                20,
                                                21,
                                            ),
                                            kind: Str(
                                                "x",
                                            ),
                                        },
                                    ),
                                    typ: Unknown,
                                },
                                ExprNode {
                                    pos: (
                                        29,
                                        30,
                                    ),
                                    kind: Literal(
                                        LiteralNode {
                                            pos: (
                                                29,
                                                30,
                                            ),
                                            kind: Str(
                                                "y",
                                            ),
                                        },
                                    ),
                                    typ: Unknown,
                                },
                            ],
                            typ: Unknown,
                        },
                    ),
                    typ: Unknown,
                },
            ),
        },
    ],
}

