---
source: tests/src/parse_success.rs
expression: ""
---

=== Source ===


=== Tokens ===
[]

=== Comments ===
{}

=== AST ===
ModuleNode {
    pos: (
        0,
        0,
    ),
    body: [],
}

