---
source: tests/src/valid.rs
expression: "x\n{}"
---

=== Source ===
x
{}

=== Tokens ===
[
    IdentifierLower(
        0,
        1,
    ),
    LineBreak(
        1,
        2,
    ),
    LeftBrace(
        2,
        3,
    ),
    RightBrace(
        3,
        4,
    ),
]

=== Comments ===
{}

=== AST ===
Ok(
    Module {
        start: 0,
        end: 4,
        imports: [],
        body: [
            Identifier {
                start: 0,
                end: 1,
                name: "x",
                inferred_type: Unknown,
            },
            Block {
                start: 2,
                end: 4,
                params: [],
                body: [],
                inferred_type: Unknown,
            },
        ],
    },
)
