---
source: compiler/tests/parse_success.rs
expression: "\"line 1\\nline 2\""
---

=== Source ===
"line 1\nline 2"

=== Tokens ===
[
    StringLiteral(
        1,
        15,
    ),
]

=== Comments ===
{}

=== AST ===
ModuleNode {
    pos: (
        1,
        15,
    ),
    body: [
        TopLevelStatementNode {
            pos: (
                1,
                15,
            ),
            kind: Expr(
                ExprNode {
                    pos: (
                        1,
                        15,
                    ),
                    kind: Literal(
                        LiteralNode {
                            pos: (
                                1,
                                15,
                            ),
                            kind: Str(
                                "line 1\nline 2",
                            ),
                        },
                    ),
                    typ: Unknown,
                },
            ),
        },
    ],
}

